=== 0. 登录 ===
  PASS  管理员登录
=== 1. 新建线索：SLA 初始状态 ===
  PASS  新建即写入 assignedAt（计时起点）
  PASS  新建线索 firstContactAt 为空
  PASS  普通线索 SLA 档位 = normal
  PASS  普通线索时限 30/60 分钟
  PASS  刚分配 → 计时中（normal）
  PASS  剩余分钟数 ≈ 60
  PASS  返回 slaDeadline（截止时间）
=== 2. 高潜强意愿线索：严格 SLA ===
  PASS  A 级线索 SLA 档位 = strict
  PASS  严格档时限 10/30 分钟
=== 3. 首次联系 = 跟进一次，SLA 完成 ===
  PASS  跟进接口返回成功
  PASS  首次联系后 firstContactAt 落库
  PASS  lastFollowupAt 同步刷新
  PASS  SLA 状态 → done（已完成）
  PASS  记录首次联系耗时（分钟）
=== 4. 超时链路的确定性验证说明 ===
  PASS  已上报线索的 escalatedAt 都被系统写入
  PASS  已上报线索的 slaStatus 都是 overdue
=== 5. 催办 / 超时原因 / 重新分配的接口自洽 ===
  PASS  时限内线索催办被拒（不误伤正常线索）
  PASS  招募岗催办被拒 403
  PASS  重新分配成功
  PASS  新负责人已生效
  PASS  reassignedAt 已落库
  PASS  重新分配原因已留痕
  PASS  SLA 重新计时（assignedAt 刷新为现在）
  PASS  寄拍岗不能当达人负责人（400）
  PASS  负责人可填写超时原因
  PASS  原因已落库
  PASS  原因为空时被拒 400
=== 6. 列表筛选 & 派生字段 ===
  PASS  待升级（slaOverdue=1）可查询
  PASS  筛选结果全部为 overdue
  PASS  即将超时（slaRemind=1）可查询
  PASS  即将超时结果仅含 remind
  PASS  已上报（slaEscalated=1）可查询
  PASS  已上报结果都带 escalatedAt
=== 7. 工作台 / 看板接线 ===
  PASS  工作台返回 slaOverdue 卡计数
  PASS  工作台返回 slaRemind 卡计数
  PASS  工作台待办类型含 SLA 分类（若有超时）
  PASS  看板 attention 含 slaOverdue
  PASS  看板 alerts 是数组
=== 8. 清理回归数据 ===
  PASS  回归数据已清理

通过 40 项断言
