PASS 管理员可查看全部线索（scope=all 生效）  14
PASS 管理员新建线索进入公海（owner=未分配）  (200, '未分配')
PASS 分配前「一线招募」看不到公海线索  3
PASS 分配前「运营」看不到公海线索  3
PASS 分配前「推广」看不到公海线索
PASS 分配前「财务」看不到公海线索
PASS 分配前高级运营（主管）能看到公海线索  15
PASS 分配前一线招募列表只含自己负责的线索  3
PASS 一线招募可见条数 < 管理员全量（范围确实收窄）  (3, 14)
PASS 管理员单条分配成功（assigned=1）  (200, 1)
PASS 分配后负责人=李婷 / 岗位=招募 / 记录分配时间  {'owner': '李婷', 'ownerPosition': 'recruit', 'assignedAt': '2026-09-18 22:41'}
PASS 分配后一线负责人立即可见该线索  李婷
PASS 分配后一线招募列表仍只含自己负责的线索  4
PASS 一线负责人工作台出现「新分配」待办  [('新分配', 'V03core742492-公海')]
PASS 工作台卡片「新分配给我」计数 >= 1  1
PASS 工作台待办全部来自自己负责的线索（无他人线索）  4
PASS 非管理员调用分配接口 → 403  403
PASS 拒绝把达人负责人指派给高级运营 → 400  (400, '「高级运营」岗不做达人负责人（高级运营管质量、财务岗只管结算），请选招募或运营岗')
PASS 拒绝把达人负责人指派给财务岗 → 400  (400, '「财务」岗不做达人负责人（高级运营管质量、财务岗只管结算），请选招募或运营岗')
PASS 未选负责人 → 400  400
PASS 管理员批量分配 2 条 → assigned=2  (200, 2)
PASS 批量分配后一线负责人可见条数 +2  6
PASS 批量分配未勾选任何线索 → 400  400
PASS 操作日志记录「谁把哪条线索分配给谁」  [('管理员', '达人：V03core742492-公海', '负责人=李婷（招募）')]
INFO 一线招募删除「王浩名下」的线索 → HTTP 403 （已被服务端拦截）
PASS 清理本次回归创建的全部线索（3 条）  3
PASS 清理后线索总数回到基准  (14, 14)

V0.3 最小闭环验收：26/26 通过
