== 准备测试数据（管理员建 4 条线索）==
  PASS  测试线索创建成功
== A. 管理员视角（团队池）==
  PASS  出现「数据范围」切换
  PASS  管理员有「全部 / 本岗位池 / 我负责的」三个选项
  PASS  管理员可见条数已显示
  PASS  管理员列表含多岗位负责人（招募+运营）
  PASS  管理员视图切换含「总表」
== B. 管理员总表（列 / 统计卡 / 筛选）==
  PASS  总表列齐全（潜力/意愿/分类/路径/当前岗位/交接状态）
  PASS  总表顶部有按岗位的统计卡
  PASS  总表有 负责人/岗位/未分配/逾期/待交接 五个筛选入口
  PASS  总表分页脚注显示总条数
  PASS  勾选「未分配」后总数变少
  PASS  筛选结果确实都是未分配
  PASS  「重置」后恢复全部条数
== C. 管理员批量分配 ==
  PASS  总表可勾选线索
  PASS  出现批量分配条「已勾选 2 条线索」
  PASS  打开批量分配弹窗
  PASS  弹窗选择负责人=王浩
  PASS  选人后自动带出岗位（运营）
  PASS  批量分配后勾选线索负责人=王浩（运营）+ 刷新分配时间
  PASS  分配后勾选被清空（批量条消失）
== D. 招募岗（李婷）视角 ==
  PASS  招募岗没有「全部」范围选项（越权选项不下发）
  PASS  招募岗看不到「总表」视图
  PASS  招募岗可见条数少于管理员（行级被裁剪）
  PASS  招募岗列表里没有运营岗负责的线索
  PASS  招募岗能看到自己负责的线索
  PASS  非管理员看不到批量分配入口
== E. 高级运营（张萌）视角：主管质检链路 ==
  PASS  高级运营落地工作台
  PASS  高级运营菜单（有 达人线索/达人任务中心/账号运营，无 推广获客/收益结算）
  PASS  高级运营工作台接口可用（主管视角待办）
== F. 跟进弹窗（8 字段，招募岗李婷）==
  PASS  跟进弹窗包含 方式/结果/内容/阶段/意愿/潜力/下次跟进/备注
  PASS  跟进已落库（下次跟进时间更新 + 产生跟进记录）
== G. 工作台（规则待办 + 招募完成提示）==
  PASS  工作台 5 张待办卡齐全（新分配/今日/逾期/待接收/高潜）
  PASS  工作台待办列表存在且含「来源」列
  PASS  招募岗出现「招募完成」待办与「发起交接」按钮（达人该转运营了）
  PASS  工作台接口返回卡片统计
== H. 交接 UI 全流程（管理员发起 → 招募岗李婷接收）==
  PASS  管理员发起交接成功
  PASS  接收人页面出现「待我确认的交接」横幅
  PASS  横幅带「确认接收 / 驳回」按钮
  PASS  接收人工作台出现「待接收」待办
  PASS  点击「确认接收」
  PASS  确认后横幅消失
  PASS  确认前后可见条数不变（接收前已因待接收而可见）
  PASS  确认后该线索负责人已变为李婷
== I. 留痕（详情弹窗 跟进记录 / 流转历史）==
  PASS  线索负责人已变为李婷
  PASS  流转历史含「线索交接-发起」「线索交接-确认」
  PASS  详情弹窗有「跟进记录」与「流转历史」区块
== J. 清理本次回归数据 ==
  PASS  清理本次回归创建的 4 条线索
  PASS  全程无 JS 运行时异常

结果：通过 48 项，失败 0 项
